---
source: tests/visual_snapshots.rs
---
╭─SLT Infoviz──────────────────────────────────────────────────────────────────────────────────────────────────────────╮
│[ Overview ] [ Lines ] [ Scatter ] [ Bars ] [ Heatmap ] [ Financial ] [ Treemap ] [ Canvas ]                          │
│┌─Multi-Series──────────────┐┌─P&L───────────────────────┐┌─Area───────────────────────┐┌─Direction──────────────────┐│
││100┤ ···············  ─ CPU││ 60┤ ···············  ─ P&L││60┤ ··········⢀·⡇  █ Growth ││80┤ ··············  ─ Price ││
││   │ · ·  · · ·  · ·  • Mem││   │ · · · · · · · ·       ││  │ ·  ·  ·  ·⢸⣶⡇           ││  │ · · ·  · · ·⢀·          ││
││   │ · ·  · · ·  · ·       ││   │ · · · · · · · ·       ││  │ ·  ·  ·  ⢸⣾⣿⡇           ││  │ · · ·  · · ·⡸·          ││
││   │ · ·  · · ·  · ·       ││   │ · · · · · · · ·       ││  │ ·  ·  ·  ⣸⣿⣿⡇           ││70┤ ··········⡄·⡇·          ││
││   │ · ·  · · · ⢠⠳⡀·       ││   │ · · · · · · · ⢀       ││50┤ ········⣦⣿⣿⣿⡇           ││  │ · · ·  · ⢀⠟⣤⠃·          ││
││ 80┤ ···········⡜·⠑·       ││ 40┤ ··············⡎       ││  │ ·  ·  · ⣿⣿⣿⣿⡇           ││  │ · · ·  · ⢸ ⠘ ·          ││
││   │ · ·  · · ·⢠⠃• ·       ││   │ · · · · · · ·⡸·       ││  │ ·  ·  ·⣾⣿⣿⣿⣿⡇           ││  │ · · ·  ·⣆⡸ · ·          ││
││   │ · ·  · ·⡰⢀⡜ · ·       ││   │ · · · · · · ⢠⠃·       ││  │ ·  ·  ·⣿⣿⣿⣿⣿⡇           ││60┤ ·······⢠⠋⠇····          ││
││   │ · ·  · ⢰⠁•⠃ · ·       ││   │ · · · · · · ⢸ ·       ││40┤ ·····⢰⣼⣿⣿⣿⣿⣿⡇           ││  │ · · ·⢀ ⢸ · · ·          ││
││   │ · ·  · ⢀ ⠈  · ·       ││   │ · · · ⡷⡀· · ⡎ ·       ││  │ ·  · ⢸⣿⣿⣿⣿⣿⣿⡇           ││  │ · · ·⢸⡆⢸ · · ·          ││
││ 60┤ ····⢠⢣⢰•·······       ││ 20┤ ·····⢸·⠘⡄···⡇··       ││  │ ·  ·⢠⣼⣿⣿⣿⣿⣿⣿⡇           ││50┤ ·····⡎⠸⡇······          ││
││   │ · · ⡜•⡎· ·  · ·       ││   │ · · ·⡸· ⢸ ·⢀⠇ ·       ││  │ ·  ·⢸⣿⣿⣿⣿⣿⣿⣿⡇           ││  │ · · ·⡇ ⠁ · · ·          ││
││   │ · ·⢰⠁· · ·  · ·       ││   │ · · ·⡇· ·⡇·⢸· ·       ││30┤ ····⣸⣿⣿⣿⣿⣿⣿⣿⡇           ││  │ · ·⢸⣄⠇ · · · ·          ││
││   │ · •⡜ · · ·  · ·       ││   │ · ⡄ ⢀⠇· ·⢇·⢸· ·       ││  │ ·  ⣆⣿⣿⣿⣿⣿⣿⣿⣿⡇           ││40┤ ···⡸⢻·········          ││
││   │ ·⣆·⡇ · · ·  · ·       ││   │ ·⢠⠻⡀⢸ · ·⢸·⡜· ·       ││  │ ·  ⣿⣿⣿⣿⣿⣿⣿⣿⣿⡇           ││  │ · ·⡇·  · · · ·          ││
││ 40┤ •⠉⢶⠁···········       ││  0┼ ─⢸─⢱⡜────⠸⡀⡇───       ││  │ · ⣠⣿⣿⣿⣿⣿⣿⣿⣿⣿⡇           ││  │ ·⡄·⡇·  · · · ·          ││
││   │ ⢸ ⠈  · · ·  · ·       ││   │ ·⡇· ⠃ · · ⡇⡇· ·       ││20┤ ··⣿⣿⣿⣿⣿⣿⣿⣿⣿⣿⡇           ││  │ ·⡿⣀⠇·  · · · ·          ││
││   │ ⡇ ·  · · ·  · ·       ││   │ ⢠⠃· · · · ⢻ · ·       ││  │ · ⣿⣿⣿⣿⣿⣿⣿⣿⣿⣿⡇           ││30┤ ⢸·⢿···········          ││
││   │ · ·  · · ·  · ·       ││   │ ⢸ · · · · ⠘ · ·       ││  │ ⢀⢸⣿⣿⣿⣿⣿⣿⣿⣿⣿⣿⡇           ││  │ ⢸ ⠈ ·  · · · ·          ││
││   │ · ·  · · ·  · ·       ││   │ ⠇ · · · · · · ·       ││  │ ⢸⣾⣿⣿⣿⣿⣿⣿⣿⣿⣿⣿⡇           ││  │ ⡜ · ·  · · · ·          ││
││ 20┤ ···············       ││-20┤ ···············       ││10┤ ⣿⣿⣿⣿⣿⣿⣿⣿⣿⣿⣿⣿⡇           ││20┤ ⡇·············          ││
││     0 2  4 6 8 10         ││     0 1 2 3 4 5 6 7       ││    0  5 10 15 20           ││    0 2 4  6 8  12          ││
│└───────────────────────────┘└───────────────────────────┘└────────────────────────────┘└────────────────────────────┘│
│┌─Bar Chart─────────────────┐┌─Candlestick HD────────────┐┌─Heatmap HD─────────────────┐┌─Treemap────────────────────┐│
││Rust   █████████████ 72%   ││                        ▄▄▄││▀▀▀▀▀▀▀▀▀▀▀▀▀▀▀▀▀▀▀▀▀▀▀▀▀▀▀ ││                            ││
││Go     ██████████ 58       ││                    ┃ ┃ ███││▀▀▀▀▀▀▀▀▀▀▀▀▀▀▀▀▀▀▀▀▀▀▀▀▀▀▀ ││                      Type… ││
││Python ████████ 45         ││             ┃    ▄▄▄▄██▀▀▀││▀▀▀▀▀▀▀▀▀▀▀▀▀▀▀▀▀▀▀▀▀▀▀▀▀▀▀ ││                        10  ││
││Java   ███████ 38          ││           ┃ ┃  ┃ ██▀▀▀▀ ┃ ││▀▀▀▀▀▀▀▀▀▀▀▀▀▀▀▀▀▀▀▀▀▀▀▀▀▀▀ ││           Go    Java       ││
││C++    █████████ 52        ││    ┃      ███████▀▀  ┃    ││▀▀▀▀▀▀▀▀▀▀▀▀▀▀▀▀▀▀▀▀▀▀▀▀▀▀▀ ││           25     15        ││
││                           ││  ▄▄▄▄ ┃   ██▀▀▀▀▀┃        ││▀▀▀▀▀▀▀▀▀▀▀▀▀▀▀▀▀▀▀▀▀▀▀▀▀▀▀ ││  Rust                      ││
││                           ││┃ ████▄▄▄▄▄██              ││▀▀▀▀▀▀▀▀▀▀▀▀▀▀▀▀▀▀▀▀▀▀▀▀▀▀▀ ││   40                  8  6 ││
││                           ││▄▄██┃ █████                ││▀▀▀▀▀▀▀▀▀▀▀▀▀▀▀▀▀▀▀▀▀▀▀▀▀▀▀ ││                            ││
││                           ││██┃   ▀▀▀▀▀                ││▀▀▀▀▀▀▀▀▀▀▀▀▀▀▀▀▀▀▀▀▀▀▀▀▀▀▀ ││         Python   C++       ││
││                           ││▀▀                         ││▀▀▀▀▀▀▀▀▀▀▀▀▀▀▀▀▀▀▀▀▀▀▀▀▀▀▀ ││           20     12  Zig   ││
│└───────────────────────────┘└───────────────────────────┘└────────────────────────────┘└────────────────────────────┘│
│q  quit  ·  ←/→  tab  ·  Esc  quit                                                                                    │
╰──────────────────────────────────────────────────────────────────────────────────────────────────────────────────────╯
