---
source: tests/visual_snapshots.rs
---
╭─한글 / 中文 / 日本語 demo────────────────────────────────────────────────────╮
│                                                                              │
│ CJK 위젯 데모 — Ctrl+Q to quit · 카드를 클릭해 보세요                        │
│ ──────────────────────────────────────────────────────────────────────────── │
│ ╭─짧은 제목──────────────────────────╮╭─Mixed 한·中·日 title overflow test─╮ │
│ │                                    ││                                    │ │
│ │ 한국어 본문이 박스 안에 잘         ││ Long titles must clip without brea │ │
│ │ 들어가는지 확인합니다.             ││ 긴 제목은 오른쪽 테두리를 침범하지 │ │
│ │ 中文 段落 —                        ││ 않아야 합니다.                     │ │
│ │                                    ││                                    │ │
│ ╰────────────────────────────────────╯╰────────────────────────────────────╯ │
│ ──────────────────────────────────────────────────────────────────────────── │
│ ╭─입력───────────────────────────────╮╭─결과───────────────────────────────╮ │
│ │                                    ││                                    │ │
│ │ 이름:                              ││ 이름 =                             │ │
│ │ ╭────────────────────────────────╮ ││ 태그 =                             │ │
│ │ │ ▎이름을 입력하세요             │ ││ 카드 클릭 합계 = 0                 │ │
│ │ ╰────────────────────────────────╯ ││                                    │ │
│ │ 태그:                              ││                                    │ │
│ │ ╭────────────────────────────────╮ ││                                    │ │
│ │ │ ▎태그                          │ ││                                    │ │
│ │ ╰────────────────────────────────╯ ││                                    │ │
│                                                                              │
╰──────────────────────────────────────────────────────────────────────────────╯
