---
source: tests/visual_snapshots.rs
---
╭──────────────────────────────────────────────────────────────────────────────╮
│                                                                              │
│ SuperLightTUI widget showcase                                           Dark │
│ All widgets follow active theme tokens.                                      │
│ ──────────────────────────────────────────────────────────────────────────── │
│ [ Core Widgets ] [ Data Viz ] [ Layout ] [ Forms ] [ IME/CJK ] [ Feedback ]  │
│ [ v0.9.4 ] [ v0.11.0 ] [ v0.12.10 ] [ v0.13 ] [ v0.13.2 ] [ v0.14.0 ] [ v0.1 │
│ ──────────────────────────────────────────────────────────────────────────── │
│ CORE WIDGETS                                                                 │
│ ╭──────────────────────────────────────────────────────────────────────────╮ │
│ │                                                                          │ │
│ │ Tabs                                                                     │ │
│ │ Use Left/Right when focused.                                             │ │
│ │ [ Primary ] [ Secondary ] [ Accent ]                                     │ │
│ │ Selected:Primary                                                         │ │
│ │                                                                          │ │
│ ╰──────────────────────────────────────────────────────────────────────────╯ │
│ ╭───────────────────────╮╭───────────────────────╮╭────────────────────────╮ │
│ │                       ││                       ││                        │ │
│ │ Input                 ││ Controls              ││ Buttons                ▼ │
│ ──────────────────────────────────────────────────────────────────────────── │
│ ^Q/Esc  quit  ·  ^T  theme  ·  ^M  modal  ·  ^O  overlay  ·  ^H/^L  progress │
│                                                                              │
╰──────────────────────────────────────────────────────────────────────────────╯
