---
source: tests/visual_snapshots.rs
---
╭─System Dashboard─────────────────────────────────────────────────────────────────────────────────────────────────────╮
│                                                                                                                      │
│ ⠋ LIVE                                                                                              Uptime: 4d 0h 0m │
│ ──────────────────────────────────────────────────── System Metrics ──────────────────────────────────────────────── │
│ ┌─────────────────────┐┌─────────────────────┐┌─────────────────────┐┌─────────────────────┐┌──────────────────────┐ │
│ │                     ││                     ││                     ││                     ││                      │ │
│ │ CPU                 ││ Memory              ││ Disk                ││ Net In              ││ Net Out              │ │
│ │ 45.0%               ││ 62.0%               ││ 73.0%               ││ 12.0MB/s            ││ 7.0MB/s              │ │
│ │ ████░░░░░░          ││ ██████░░░░          ││ ███████░░░          ││ █░░░░░░░░░          ││ ░░░░░░░░░░           │ │
│ │                     ││                     ││                     ││                     ││                      │ │
│ └─────────────────────┘└─────────────────────┘└─────────────────────┘└─────────────────────┘└──────────────────────┘ │
│ ───────────────────────────────────────────────────── Key Metrics ────────────────────────────────────────────────── │
│ ╭───────────────────────────╮╭───────────────────────────╮╭───────────────────────────╮╭───────────────────────────╮ │
│ │                           ││                           ││                           ││                           │ │
│ │ Requests                  ││ Errors                    ││ P99                       ││ Threads                   │ │
│ │ 1847293 ↑                 ││ 0                         ││ 45ms                      ││ 24                        │ │
│ │                           ││                           ││                           ││                           │ │
│ ╰───────────────────────────╯╰───────────────────────────╯╰───────────────────────────╯╰───────────────────────────╯ │
│ ╭─Processes──────────────────────────────────────────────╮╭─Logs───────────────────────────────────────────────────╮ │
│ │                                                        ││                                                        │ │
│ │ PID │ Name     │ CPU% │ Mem% │ Status                  ││ 12:04:01 [INFO ] Request GET /api/users 200 (12ms)     │ │
│ │ ────┼──────────┼──────┼──────┼─────────                ││ 12:04:03 [INFO ] Request POST /api/auth 200 (45ms)     │ │
│ │ 1   │ systemd  │ 0.1  │ 0.3  │ running                 ││ 12:04:05 [WARN ] High memory usage: 82.4%              │ │
│ │ 142 │ nginx    │ 2.4  │ 1.2  │ running                 ││ 12:04:07 [INFO ] Request GET /api/items 200 (8ms)      │ │
│ │ 389 │ postgres │ 8.7  │ 12.4 │ running                 ││ 12:04:08 [ERROR] Connection timeout: db-replica-2      │ │
│ │ 412 │ redis    │ 1.1  │ 3.8  │ running                 ││ 12:04:10 [INFO ] Request GET /health 200 (1ms)         │ │
│ │ 501 │ node     │ 15.3 │ 8.2  │ running                 ││ 12:04:12 [INFO ] Cache hit ratio: 94.2%                │ │
│ │ 623 │ python3  │ 4.2  │ 6.1  │ running                 ││ 12:04:15 [WARN ] Slow query: SELECT * FROM orders (320 │ │
│ │ 789 │ go-api   │ 3.8  │ 2.9  │ running                 ││ 12:04:18 [INFO ] Request DELETE /api/sessions 204 (3ms │ │
│ │ 834 │ cron     │ 0.0  │ 0.1  │ sleeping                ││ 12:04:20 [INFO ] SSL cert renewal: 23 days remaining   │ │
│ │ ────────────────────────────────────────────────────── ││ 12:04:22 [INFO ] Request GET /api/dashboard 200 (18ms) │ │
│ │ [ Kill ][ Restart ]                                    ││ 12:04:25 [ERROR] Rate limit exceeded: 203.0.113.42     │ │
│ │                                                        ││ 12:04:28 [INFO ] Backup completed: 2.4GB (42s)         │ │
│ │                                                        ││ 12:04:30 [INFO ] Request PATCH /api/users/5 200 (22ms▼ │ │
│ │                                                        ││                                                        │ │
│ ╰────────────────────────────────────────────────────────╯╰────────────────────────────────────────────────────────╯ │
│ ─────────────────────────────────────────────────────── Controls ─────────────────────────────────────────────────── │
│ Ctrl+Q  quit  ·  Ctrl+T  theme  ·  Tab  focus  ·  j/k  select                                                        │
│                                                                                                                      │
╰──────────────────────────────────────────────────────────────────────────────────────────────────────────────────────╯
